2026-10-03 22:09:16 [A7_moment_checks] start: 45 units, 0 already done, 0 previously failed, 6 workers
2026-10-03 22:15:33 [A7_moment_checks] worker 5 finished CGMacros-002 in 371.2s
2026-10-03 22:15:36 [A7_moment_checks] worker 4 finished CGMacros-005 in 375.6s
2026-10-03 22:15:37 [A7_moment_checks] worker 1 finished CGMacros-003 in 375.7s
2026-10-03 22:15:38 [A7_moment_checks] worker 2 finished CGMacros-006 in 376.7s
2026-10-03 22:16:02 [A7_moment_checks] worker 0 finished CGMacros-004 in 399.9s
2026-10-03 22:16:10 [A7_moment_checks] worker 3 finished CGMacros-001 in 408.9s
2026-10-03 22:21:19 [A7_moment_checks] worker 5 finished CGMacros-007 in 346.4s
2026-10-03 22:21:29 [A7_moment_checks] worker 4 finished CGMacros-008 in 352.2s
2026-10-03 22:21:41 [A7_moment_checks] worker 1 finished CGMacros-009 in 364.7s
2026-10-03 22:21:46 [A7_moment_checks] worker 3 finished CGMacros-012 in 335.8s
2026-10-03 22:21:58 [A7_moment_checks] worker 2 finished CGMacros-010 in 380.1s
2026-10-03 22:22:13 [A7_moment_checks] worker 5 exited 3221226505; restarting. LLVM ERROR: Unable to allocate section memory!
2026-10-03 22:22:14 [A7_moment_checks] worker 3 unit CGMacros-016 attempt 1 failed: For simplicity, JAX has removed its internal frames from the traceback of the following exception. Set JAX_TRACEBACK_FILTERING=off to include these.
2026-10-03 22:22:24 [A7_moment_checks] worker 0 finished CGMacros-011 in 381.8s
2026-10-03 22:25:32 [A7_moment_checks] worker 0 unit CGMacros-019 attempt 1 failed: For simplicity, JAX has removed its internal frames from the traceback of the following exception. Set JAX_TRACEBACK_FILTERING=off to include these.
2026-10-03 22:25:32 [A7_moment_checks] worker 2 unit CGMacros-017 attempt 1 failed: For simplicity, JAX has removed its internal frames from the traceback of the following exception. Set JAX_TRACEBACK_FILTERING=off to include these.
2026-10-03 22:25:32 [A7_moment_checks] worker 1 exited 3221226505; restarting. LLVM ERROR: Unable to allocate section memory!
2026-10-03 22:26:36 [A7_moment_checks] worker 4 finished CGMacros-014 in 306.9s
2026-10-03 22:27:23 [A7_moment_checks] worker 2 unit CGMacros-017 attempt 2 failed: For simplicity, JAX has removed its internal frames from the traceback of the following exception. Set JAX_TRACEBACK_FILTERING=off to include these.
2026-10-03 22:27:23 [A7_moment_checks] worker 2 gave up on CGMacros-017 after 2 attempts
2026-10-03 22:27:23 [A7_moment_checks] worker 4 unit CGMacros-021 attempt 1 failed: For simplicity, JAX has removed its internal frames from the traceback of the following exception. Set JAX_TRACEBACK_FILTERING=off to include these.
2026-10-03 22:27:23 [A7_moment_checks] worker 3 unit CGMacros-016 attempt 2 failed: For simplicity, JAX has removed its internal frames from the traceback of the following exception. Set JAX_TRACEBACK_FILTERING=off to include these.
2026-10-03 22:27:23 [A7_moment_checks] worker 3 gave up on CGMacros-016 after 2 attempts
2026-10-03 22:27:54 [A7_moment_checks] worker 3 exited 3221226505; restarting. LLVM ERROR: Unable to allocate section memory!
2026-10-03 22:28:06 [A7_moment_checks] worker 5 finished CGMacros-018 in 344.2s
2026-10-03 22:29:06 [A7_moment_checks] worker 0 finished CGMacros-019 in 213.9s
2026-10-03 22:31:04 [A7_moment_checks] worker 1 unit CGMacros-020 attempt 1 failed: For simplicity, JAX has removed its internal frames from the traceback of the following exception. Set JAX_TRACEBACK_FILTERING=off to include these.
2026-10-03 22:31:04 [A7_moment_checks] worker 4 unit CGMacros-021 attempt 2 failed: For simplicity, JAX has removed its internal frames from the traceback of the following exception. Set JAX_TRACEBACK_FILTERING=off to include these.
2026-10-03 22:31:04 [A7_moment_checks] worker 4 gave up on CGMacros-021 after 2 attempts
2026-10-03 22:31:04 [A7_moment_checks] worker 1 unit CGMacros-020 attempt 2 failed: For simplicity, JAX has removed its internal frames from the traceback of the following exception. Set JAX_TRACEBACK_FILTERING=off to include these.
2026-10-03 22:31:04 [A7_moment_checks] worker 1 gave up on CGMacros-020 after 2 attempts
2026-10-03 22:31:05 [A7_moment_checks] worker 4 unit CGMacros-029 attempt 1 failed: For simplicity, JAX has removed its internal frames from the traceback of the following exception. Set JAX_TRACEBACK_FILTERING=off to include these.
2026-10-03 22:31:06 [A7_moment_checks] worker 3 exited 3221226505; restarting.   warnings.warn(
2026-10-03 22:31:08 [A7_moment_checks] worker 2 exited 3221226505; restarting.   warnings.warn(
2026-10-03 22:31:08 [A7_moment_checks] worker 5 exited 3221226505; restarting.   warnings.warn(
2026-10-03 22:34:05 [A7_moment_checks] worker 0 finished CGMacros-028 in 299.2s
2026-10-03 22:35:02 [A7_moment_checks] worker 4 finished CGMacros-029 in 237.2s
2026-10-03 22:35:12 [A7_moment_checks] worker 1 finished CGMacros-030 in 238.8s
2026-10-03 22:35:42 [A7_moment_checks] worker 2 finished CGMacros-032 in 268.0s
2026-10-03 22:37:00 [A7_moment_checks] worker 3 finished CGMacros-031 in 346.9s
2026-10-03 22:37:10 [A7_moment_checks] worker 5 finished CGMacros-033 in 356.7s
2026-10-03 22:37:19 [A7_moment_checks] worker 3 unit CGMacros-039 attempt 1 failed: For simplicity, JAX has removed its internal frames from the traceback of the following exception. Set JAX_TRACEBACK_FILTERING=off to include these.
2026-10-03 22:37:22 [A7_moment_checks] worker 2 exited 3221226505; restarting. LLVM ERROR: Unable to allocate section memory!
2026-10-03 22:37:22 [A7_moment_checks] worker 3 exited 3221226505; restarting. LLVM ERROR: Unable to allocate section memory!
2026-10-03 22:38:51 [A7_moment_checks] worker 1 finished CGMacros-036 in 218.2s
2026-10-03 22:39:39 [A7_moment_checks] worker 4 finished CGMacros-035 in 276.7s
2026-10-03 22:40:31 [A7_moment_checks] worker 5 unit CGMacros-041 attempt 1 failed: For simplicity, JAX has removed its internal frames from the traceback of the following exception. Set JAX_TRACEBACK_FILTERING=off to include these.
2026-10-03 22:40:31 [A7_moment_checks] worker 1 unit CGMacros-044 attempt 1 failed: For simplicity, JAX has removed its internal frames from the traceback of the following exception. Set JAX_TRACEBACK_FILTERING=off to include these.
2026-10-03 22:41:02 [A7_moment_checks] worker 0 finished CGMacros-034 in 416.9s
2026-10-03 22:41:50 [A7_moment_checks] worker 0 exited 3221226505; restarting. LLVM ERROR: Unable to allocate section memory!
2026-10-03 22:41:50 [A7_moment_checks] worker 4 exited 3221226505; restarting. LLVM ERROR: Unable to allocate section memory!
2026-10-03 22:41:52 [A7_moment_checks] worker 1 exited 3221226505; restarting. LLVM ERROR: Unable to allocate section memory!
2026-10-03 22:42:34 [A7_moment_checks] worker 2 finished CGMacros-042 in 305.1s
2026-10-03 22:43:53 [A7_moment_checks] worker 5 finished CGMacros-041 in 202.0s
2026-10-03 22:46:44 [A7_moment_checks] worker 4 finished CGMacros-047 in 287.6s
2026-10-03 22:46:44 [A7_moment_checks] worker 1 finished CGMacros-049 in 286.7s
2026-10-03 22:46:52 [A7_moment_checks] worker 0 finished CGMacros-048 in 295.7s
2026-10-04 07:13:02 [A7_moment_checks] start: 45 units, 0 already done, 0 previously failed, 30 workers
2026-10-04 07:17:13 [A7_moment_checks] worker 16 exited -11; restarting.   warnings.warn(
2026-10-04 07:17:19 [A7_moment_checks] worker 8 finished CGMacros-032 in 254.3s
2026-10-04 07:17:19 [A7_moment_checks] worker 17 finished CGMacros-030 in 254.6s
2026-10-04 07:17:24 [A7_moment_checks] worker 12 exited -11; restarting.   warnings.warn(
2026-10-04 07:17:31 [A7_moment_checks] worker 6 finished CGMacros-002 in 266.8s
2026-10-04 07:17:35 [A7_moment_checks] worker 21 finished CGMacros-018 in 269.4s
2026-10-04 07:18:16 [A7_moment_checks] worker 14 exited -11; restarting.   warnings.warn(
2026-10-04 07:18:17 [A7_moment_checks] worker 10 finished CGMacros-008 in 313.5s
2026-10-04 07:18:17 [A7_moment_checks] worker 25 finished CGMacros-012 in 313.4s
2026-10-04 07:18:17 [A7_moment_checks] worker 13 finished CGMacros-003 in 313.9s
2026-10-04 07:18:20 [A7_moment_checks] worker 19 finished CGMacros-006 in 316.6s
2026-10-04 07:18:20 [A7_moment_checks] worker 28 finished CGMacros-029 in 316.0s
2026-10-04 07:18:21 [A7_moment_checks] worker 22 finished CGMacros-019 in 316.6s
2026-10-04 07:18:21 [A7_moment_checks] worker 3 finished CGMacros-005 in 317.4s
2026-10-04 07:18:27 [A7_moment_checks] worker 23 finished CGMacros-007 in 321.2s
2026-10-04 07:18:46 [A7_moment_checks] worker 1 finished CGMacros-009 in 342.4s
2026-10-04 07:18:46 [A7_moment_checks] worker 18 finished CGMacros-015 in 342.4s
2026-10-04 07:18:46 [A7_moment_checks] worker 7 finished CGMacros-014 in 342.4s
2026-10-04 07:18:46 [A7_moment_checks] worker 20 finished CGMacros-027 in 342.0s
2026-10-04 07:18:46 [A7_moment_checks] worker 5 finished CGMacros-028 in 342.0s
2026-10-04 07:18:46 [A7_moment_checks] worker 11 finished CGMacros-031 in 342.1s
2026-10-04 07:18:47 [A7_moment_checks] worker 17 exited -11; restarting.   warnings.warn(
2026-10-04 07:18:50 [A7_moment_checks] worker 26 finished CGMacros-022 in 346.0s
2026-10-04 07:18:50 [A7_moment_checks] worker 15 finished CGMacros-017 in 346.6s
2026-10-04 07:18:50 [A7_moment_checks] worker 4 finished CGMacros-010 in 346.7s
2026-10-04 07:18:51 [A7_moment_checks] worker 9 finished CGMacros-013 in 346.8s
2026-10-04 07:18:52 [A7_moment_checks] worker 29 finished CGMacros-020 in 347.6s
2026-10-04 07:18:54 [A7_moment_checks] worker 2 finished CGMacros-021 in 347.8s
2026-10-04 07:18:54 [A7_moment_checks] worker 24 finished CGMacros-011 in 350.2s
2026-10-04 07:18:56 [A7_moment_checks] worker 27 finished CGMacros-023 in 352.2s
2026-10-04 07:19:06 [A7_moment_checks] worker 0 finished CGMacros-016 in 361.8s
2026-10-04 07:20:09 [A7_moment_checks] worker 10 finished CGMacros-042 in 111.7s
2026-10-04 07:20:11 [A7_moment_checks] worker 6 finished CGMacros-038 in 160.6s
2026-10-04 07:20:12 [A7_moment_checks] worker 28 finished CGMacros-046 in 112.3s
2026-10-04 07:20:19 [A7_moment_checks] worker 19 finished CGMacros-045 in 118.7s
2026-10-04 07:20:19 [A7_moment_checks] worker 21 finished CGMacros-039 in 163.8s
2026-10-04 07:20:21 [A7_moment_checks] worker 3 finished CGMacros-048 in 120.2s
2026-10-04 07:20:24 [A7_moment_checks] worker 25 finished CGMacros-041 in 126.8s
2026-10-04 07:20:25 [A7_moment_checks] worker 22 finished CGMacros-047 in 124.0s
2026-10-04 07:20:28 [A7_moment_checks] worker 23 finished CGMacros-049 in 119.6s
2026-10-04 07:20:29 [A7_moment_checks] worker 8 finished CGMacros-034 in 190.3s
2026-10-04 07:20:37 [A7_moment_checks] worker 13 finished CGMacros-043 in 139.7s
2026-10-04 07:20:37 [A7_moment_checks] worker 12 finished CGMacros-036 in 190.2s
2026-10-04 07:20:46 [A7_moment_checks] worker 14 finished CGMacros-044 in 146.1s
2026-10-04 07:20:47 [A7_moment_checks] worker 16 finished CGMacros-033 in 210.2s
2026-10-04 08:01:09 [A7_moment_checks] start: 45 units, 41 already done, 0 previously failed, 8 workers
2026-10-04 08:02:42 [A7_moment_checks] worker 4 finished CGMacros-035 in 92.8s
2026-10-04 08:02:47 [A7_moment_checks] worker 3 finished CGMacros-026 in 97.4s
2026-10-04 08:02:48 [A7_moment_checks] worker 0 finished CGMacros-004 in 98.2s
2026-10-04 08:02:49 [A7_moment_checks] worker 5 finished CGMacros-001 in 99.8s
