2026-10-02 02:47:29 [A9_prediction_cv] start: 225 units, 0 already done, 0 previously failed, 10 workers
  0/225 done, 0 failed, 10 workers
  0/225 done, 0 failed, 10 workers
  0/225 done, 0 failed, 10 workers
  0/225 done, 0 failed, 10 workers
  0/225 done, 0 failed, 10 workers
  0/225 done, 0 failed, 10 workers
  0/225 done, 0 failed, 10 workers
  0/225 done, 0 failed, 10 workers
  0/225 done, 0 failed, 10 workers
  0/225 done, 0 failed, 10 workers
  0/225 done, 0 failed, 10 workers
  0/225 done, 0 failed, 10 workers
  0/225 done, 0 failed, 10 workers
  0/225 done, 0 failed, 10 workers
  0/225 done, 0 failed, 10 workers
  0/225 done, 0 failed, 10 workers
  0/225 done, 0 failed, 10 workers
  1/225 done, 0 failed, 10 workers, eta 33.2h
  1/225 done, 0 failed, 10 workers, eta 35.2h
  4/225 done, 0 failed, 10 workers, eta 9.2h
  6/225 done, 0 failed, 10 workers, eta 6.4h
  8/225 done, 0 failed, 10 workers, eta 5.0h
  8/225 done, 0 failed, 10 workers, eta 5.2h
  9/225 done, 0 failed, 10 workers, eta 4.8h
  10/225 done, 0 failed, 10 workers, eta 4.5h
  10/225 done, 0 failed, 10 workers, eta 4.7h
  10/225 done, 0 failed, 10 workers, eta 4.9h
  10/225 done, 0 failed, 10 workers, eta 5.1h
  10/225 done, 0 failed, 10 workers, eta 5.3h
  11/225 done, 0 failed, 10 workers, eta 4.9h
  12/225 done, 0 failed, 10 workers, eta 4.6h
  13/225 done, 0 failed, 10 workers, eta 4.4h
  15/225 done, 0 failed, 10 workers, eta 3.9h
  16/225 done, 0 failed, 10 workers, eta 3.8h
  16/225 done, 0 failed, 10 workers, eta 3.9h
  18/225 done, 0 failed, 10 workers, eta 3.5h
  18/225 done, 0 failed, 10 workers, eta 3.6h
  19/225 done, 0 failed, 10 workers, eta 3.5h
  19/225 done, 0 failed, 10 workers, eta 3.6h
  20/225 done, 0 failed, 10 workers, eta 3.5h
  20/225 done, 0 failed, 10 workers, eta 3.6h
  20/225 done, 0 failed, 10 workers, eta 3.7h
  20/225 done, 0 failed, 10 workers, eta 3.8h
  20/225 done, 0 failed, 10 workers, eta 3.9h
  20/225 done, 0 failed, 10 workers, eta 3.9h
  20/225 done, 0 failed, 10 workers, eta 4.0h
  21/225 done, 0 failed, 10 workers, eta 3.9h
  23/225 done, 0 failed, 10 workers, eta 3.6h
  24/225 done, 0 failed, 10 workers, eta 3.5h
  24/225 done, 0 failed, 10 workers, eta 3.6h
  25/225 done, 0 failed, 10 workers, eta 3.5h
  26/225 done, 0 failed, 10 workers, eta 3.4h
  26/225 done, 0 failed, 10 workers, eta 3.5h
  27/225 done, 0 failed, 10 workers, eta 3.4h
  28/225 done, 0 failed, 10 workers, eta 3.3h
  29/225 done, 0 failed, 10 workers, eta 3.3h
  29/225 done, 0 failed, 10 workers, eta 3.3h
  29/225 done, 0 failed, 10 workers, eta 3.4h
  29/225 done, 0 failed, 10 workers, eta 3.4h
  29/225 done, 0 failed, 10 workers, eta 3.5h
  29/225 done, 0 failed, 10 workers, eta 3.6h
  29/225 done, 0 failed, 10 workers, eta 3.6h
  29/225 done, 0 failed, 10 workers, eta 3.7h
  32/225 done, 0 failed, 10 workers, eta 3.4h
  33/225 done, 0 failed, 10 workers, eta 3.3h
  33/225 done, 0 failed, 10 workers, eta 3.3h
  35/225 done, 0 failed, 10 workers, eta 3.2h
  36/225 done, 0 failed, 10 workers, eta 3.1h
  36/225 done, 0 failed, 10 workers, eta 3.1h
  36/225 done, 0 failed, 10 workers, eta 3.2h
  36/225 done, 0 failed, 10 workers, eta 3.2h
  36/225 done, 0 failed, 10 workers, eta 3.3h
  36/225 done, 2 failed, 10 workers, eta 3.3h
  36/225 done, 2 failed, 10 workers, eta 3.3h
  36/225 done, 2 failed, 10 workers, eta 3.4h
  37/225 done, 2 failed, 10 workers, eta 3.3h
  37/225 done, 3 failed, 10 workers, eta 3.4h
  37/225 done, 3 failed, 10 workers, eta 3.4h
Traceback (most recent call last):
  File "<frozen runpy>", line 198, in _run_module_as_main
  File "<frozen runpy>", line 88, in _run_code
  File "C:\Users\nikhi\Codes\RES\src\DigiTwin\paperML\evaluation\runner.py", line 539, in <module>
    if state["failed"]:
    ^^^^^^
  File "C:\Users\nikhi\Codes\RES\src\DigiTwin\paperML\evaluation\runner.py", line 523, in main
    directory = analysis_dir(module.ANALYSIS_ID, config)
    
  File "C:\Users\nikhi\Codes\RES\src\DigiTwin\paperML\evaluation\runner.py", line 381, in run
  File "C:\Users\nikhi\Codes\RES\src\DigiTwin\paperML\evaluation\runner.py", line 359, in _write_progress
    # The progress file is bookkeeping. On Windows `os.replace` fails with a permission error if
OSError: [WinError 1450] Insufficient system resources exist to complete the requested service: 'C:\\Users\\nikhi\\Codes\\RES\\src\\DigiTwin\\paperML\\logs\\A9_prediction_cv.progress.json.partial' -> 'C:\\Users\\nikhi\\Codes\\RES\\src\\DigiTwin\\paperML\\logs\\A9_prediction_cv.progress.json'
