nohup: ignoring input
=== 2026-10-04 19:07:10 evaluation.profile_lik --set objective=iauc_centroid --set parameterization=coords --set bounds_scale=1.0
2026-10-04 19:07:12 [A5_profile] start: 45 units, 0 already done, 0 previously failed, 30 workers
  0/45 done, 0 failed, 30 workers
  0/45 done, 0 failed, 30 workers
  0/45 done, 0 failed, 30 workers
  0/45 done, 0 failed, 30 workers
  0/45 done, 0 failed, 30 workers
  0/45 done, 0 failed, 30 workers
  0/45 done, 0 failed, 30 workers
  2/45 done, 0 failed, 30 workers, eta 1.3h
  4/45 done, 0 failed, 30 workers, eta 0.7h
  13/45 done, 0 failed, 30 workers, eta 0.2h
  25/45 done, 0 failed, 21 workers, eta 0.1h
  29/45 done, 0 failed, 16 workers, eta 0.1h
  31/45 done, 0 failed, 15 workers, eta 0.0h
  37/45 done, 0 failed, 9 workers, eta 0.0h
  42/45 done, 0 failed, 3 workers, eta 0.0h
  44/45 done, 0 failed, 1 workers, eta 0.0h
==============================================================================
A5_profile: 45/45 done, 0 failed in 0.13h
==============================================================================
=== 2026-10-04 19:14:59 evaluation.profile_lik --set objective=trace --set parameterization=coords --set bounds_scale=1.0
2026-10-04 19:15:01 [A5_profile] start: 45 units, 0 already done, 0 previously failed, 30 workers
  0/45 done, 0 failed, 30 workers
  0/45 done, 0 failed, 30 workers
  0/45 done, 0 failed, 30 workers
  0/45 done, 0 failed, 30 workers
  0/45 done, 0 failed, 30 workers
  0/45 done, 0 failed, 30 workers
  1/45 done, 0 failed, 30 workers, eta 2.3h
  5/45 done, 0 failed, 30 workers, eta 0.5h
  18/45 done, 0 failed, 30 workers, eta 0.1h
  26/45 done, 0 failed, 20 workers, eta 0.1h
  30/45 done, 0 failed, 15 workers, eta 0.0h
  36/45 done, 0 failed, 10 workers, eta 0.0h
  43/45 done, 0 failed, 4 workers, eta 0.0h
  44/45 done, 0 failed, 1 workers, eta 0.0h
==============================================================================
A5_profile: 45/45 done, 0 failed in 0.11h
==============================================================================
=== 2026-10-04 19:21:45 evaluation.profile_lik --set objective=iauc --set parameterization=coords --set bounds_scale=1.0
2026-10-04 19:21:46 [A5_profile] start: 45 units, 0 already done, 0 previously failed, 30 workers
  0/45 done, 0 failed, 30 workers
  0/45 done, 0 failed, 30 workers
  0/45 done, 0 failed, 30 workers
  0/45 done, 0 failed, 30 workers
  0/45 done, 0 failed, 30 workers
  0/45 done, 0 failed, 30 workers
  2/45 done, 0 failed, 30 workers, eta 1.1h
  4/45 done, 0 failed, 30 workers, eta 0.6h
  8/45 done, 0 failed, 30 workers, eta 0.3h
  17/45 done, 0 failed, 30 workers, eta 0.1h
  23/45 done, 0 failed, 23 workers, eta 0.1h
  29/45 done, 0 failed, 16 workers, eta 0.1h
  33/45 done, 0 failed, 14 workers, eta 0.0h
  38/45 done, 0 failed, 9 workers, eta 0.0h
  44/45 done, 0 failed, 1 workers, eta 0.0h
  44/45 done, 0 failed, 1 workers, eta 0.0h
==============================================================================
A5_profile: 45/45 done, 0 failed in 0.13h
==============================================================================
=== 2026-10-04 19:29:35 evaluation.profile_lik --set objective=iauc_centroid --set parameterization=tied --set bounds_scale=1.0
2026-10-04 19:29:36 [A5_profile] start: 45 units, 0 already done, 0 previously failed, 30 workers
  0/45 done, 0 failed, 30 workers
  0/45 done, 0 failed, 30 workers
  0/45 done, 0 failed, 30 workers
  0/45 done, 0 failed, 30 workers
  0/45 done, 0 failed, 30 workers
  1/45 done, 0 failed, 30 workers, eta 1.9h
  6/45 done, 0 failed, 30 workers, eta 0.3h
  21/45 done, 0 failed, 25 workers, eta 0.1h
  29/45 done, 0 failed, 16 workers, eta 0.0h
  34/45 done, 0 failed, 13 workers, eta 0.0h
  43/45 done, 0 failed, 3 workers, eta 0.0h
==============================================================================
A5_profile: 45/45 done, 0 failed in 0.09h
==============================================================================
=== 2026-10-04 19:35:08 evaluation.profile_lik --set objective=iauc --set parameterization=tied --set bounds_scale=1.0
2026-10-04 19:35:09 [A5_profile] start: 45 units, 0 already done, 0 previously failed, 30 workers
  0/45 done, 0 failed, 30 workers
  0/45 done, 0 failed, 30 workers
  0/45 done, 0 failed, 30 workers
  0/45 done, 0 failed, 30 workers
  0/45 done, 0 failed, 30 workers
  2/45 done, 0 failed, 30 workers, eta 0.9h
  8/45 done, 0 failed, 30 workers, eta 0.2h
  20/45 done, 0 failed, 28 workers, eta 0.1h
  29/45 done, 0 failed, 16 workers, eta 0.0h
  34/45 done, 0 failed, 12 workers, eta 0.0h
  44/45 done, 0 failed, 1 workers, eta 0.0h
==============================================================================
A5_profile: 45/45 done, 0 failed in 0.09h
==============================================================================
=== 2026-10-04 19:40:36 evaluation.prediction_cv --set cells=["grad2_tied","grad3_coords","grad2_tied_trace","grad3_coords_trace"]
2026-10-04 19:40:38 [A9_prediction_cv] start: 225 units, 0 already done, 0 previously failed, 30 workers
  0/225 done, 0 failed, 30 workers
  0/225 done, 0 failed, 30 workers
  0/225 done, 0 failed, 30 workers
  0/225 done, 0 failed, 30 workers
  0/225 done, 0 failed, 30 workers
  8/225 done, 0 failed, 30 workers, eta 1.2h
  29/225 done, 0 failed, 30 workers, eta 0.4h
  30/225 done, 0 failed, 30 workers, eta 0.4h
  33/225 done, 0 failed, 30 workers, eta 0.4h
  48/225 done, 0 failed, 30 workers, eta 0.3h
  61/225 done, 0 failed, 30 workers, eta 0.2h
  81/225 done, 0 failed, 30 workers, eta 0.2h
  92/225 done, 0 failed, 30 workers, eta 0.2h
  105/225 done, 0 failed, 30 workers, eta 0.1h
  123/225 done, 0 failed, 30 workers, eta 0.1h
  136/225 done, 0 failed, 30 workers, eta 0.1h
  149/225 done, 0 failed, 30 workers, eta 0.1h
  168/225 done, 0 failed, 30 workers, eta 0.0h
  178/225 done, 0 failed, 30 workers, eta 0.0h
  195/225 done, 0 failed, 30 workers, eta 0.0h
  215/225 done, 0 failed, 11 workers, eta 0.0h
==============================================================================
A9_prediction_cv: 225/225 done, 0 failed in 0.18h
==============================================================================
=== 2026-10-04 19:51:19 evaluation.profile_lik --set replica={"seed":0,"cgm":true,"carb_cv":0.25} --set bounds_scale=1.0
2026-10-04 19:51:20 [A5_profile] start: 45 units, 0 already done, 0 previously failed, 30 workers
  0/45 done, 0 failed, 30 workers
  0/45 done, 0 failed, 30 workers
  0/45 done, 0 failed, 30 workers
  0/45 done, 0 failed, 30 workers
  0/45 done, 0 failed, 30 workers
  0/45 done, 0 failed, 30 workers
  0/45 done, 0 failed, 30 workers
  0/45 done, 0 failed, 30 workers
  0/45 done, 0 failed, 30 workers
  0/45 done, 0 failed, 30 workers
  0/45 done, 0 failed, 30 workers
  0/45 done, 0 failed, 30 workers
  0/45 done, 0 failed, 30 workers
  0/45 done, 0 failed, 30 workers
  0/45 done, 0 failed, 30 workers
  0/45 done, 0 failed, 30 workers
  0/45 done, 0 failed, 30 workers
  0/45 done, 0 failed, 30 workers
  1/45 done, 0 failed, 30 workers, eta 6.8h
  1/45 done, 0 failed, 30 workers, eta 7.2h
  1/45 done, 0 failed, 30 workers, eta 7.6h
  2/45 done, 0 failed, 30 workers, eta 3.9h
  3/45 done, 0 failed, 30 workers, eta 2.6h
  3/45 done, 0 failed, 30 workers, eta 2.8h
  3/45 done, 0 failed, 30 workers, eta 2.9h
  4/45 done, 0 failed, 30 workers, eta 2.2h
  4/45 done, 0 failed, 30 workers, eta 2.3h
  5/45 done, 0 failed, 30 workers, eta 1.9h
  6/45 done, 0 failed, 30 workers, eta 1.6h
  7/45 done, 0 failed, 30 workers, eta 1.4h
  7/45 done, 0 failed, 30 workers, eta 1.4h
  8/45 done, 0 failed, 30 workers, eta 1.2h
  8/45 done, 0 failed, 30 workers, eta 1.3h
  10/45 done, 0 failed, 30 workers, eta 1.0h
  10/45 done, 0 failed, 30 workers, eta 1.0h
  11/45 done, 0 failed, 30 workers, eta 0.9h
  11/45 done, 0 failed, 30 workers, eta 1.0h
  13/45 done, 0 failed, 30 workers, eta 0.8h
  13/45 done, 0 failed, 30 workers, eta 0.8h
  14/45 done, 0 failed, 30 workers, eta 0.7h
  15/45 done, 0 failed, 30 workers, eta 0.7h
  15/45 done, 0 failed, 30 workers, eta 0.7h
  18/45 done, 0 failed, 27 workers, eta 0.5h
  19/45 done, 0 failed, 26 workers, eta 0.5h
  19/45 done, 0 failed, 26 workers, eta 0.5h
  20/45 done, 0 failed, 25 workers, eta 0.5h
  23/45 done, 0 failed, 23 workers, eta 0.4h
  27/45 done, 0 failed, 18 workers, eta 0.3h
  28/45 done, 0 failed, 17 workers, eta 0.2h
  33/45 done, 0 failed, 12 workers, eta 0.2h
  34/45 done, 0 failed, 11 workers, eta 0.1h
  37/45 done, 0 failed, 8 workers, eta 0.1h
  40/45 done, 0 failed, 6 workers, eta 0.1h
  43/45 done, 0 failed, 2 workers, eta 0.0h
  43/45 done, 0 failed, 2 workers, eta 0.0h
  43/45 done, 0 failed, 2 workers, eta 0.0h
  44/45 done, 0 failed, 1 workers, eta 0.0h
==============================================================================
A5_profile: 45/45 done, 0 failed in 0.48h
==============================================================================
=== 2026-10-04 20:20:17 evaluation.prediction_cv --set replica={"seed":0,"cgm":true,"carb_cv":0.25} --set repeats=3 --set cells=["grad3","grid3","personal_mean"]
2026-10-04 20:20:18 [A9_prediction_cv] start: 135 units, 0 already done, 0 previously failed, 30 workers
  0/135 done, 0 failed, 30 workers
  0/135 done, 0 failed, 30 workers
  0/135 done, 0 failed, 30 workers
  1/135 done, 0 failed, 30 workers, eta 3.6h
  12/135 done, 0 failed, 30 workers, eta 0.4h
  26/135 done, 0 failed, 30 workers, eta 0.2h
  30/135 done, 0 failed, 30 workers, eta 0.2h
  37/135 done, 0 failed, 30 workers, eta 0.2h
  52/135 done, 0 failed, 30 workers, eta 0.1h
  58/135 done, 0 failed, 30 workers, eta 0.1h
  70/135 done, 0 failed, 30 workers, eta 0.1h
  82/135 done, 0 failed, 30 workers, eta 0.1h
  90/135 done, 0 failed, 30 workers, eta 0.1h
  97/135 done, 0 failed, 30 workers, eta 0.0h
  108/135 done, 0 failed, 27 workers, eta 0.0h
  124/135 done, 0 failed, 11 workers, eta 0.0h
  135/135 done, 0 failed, 1 workers, eta 0.0h
==============================================================================
A9_prediction_cv: 135/135 done, 0 failed in 0.14h
==============================================================================
=== 2026-10-04 20:28:36 evaluation.prediction_cv --set replica={"seed":0,"cgm":false,"carb_cv":0.0} --set repeats=3 --set cells=["grad3","grid3","personal_mean"]
2026-10-04 20:28:37 [A9_prediction_cv] start: 135 units, 0 already done, 0 previously failed, 30 workers
  0/135 done, 0 failed, 30 workers
  0/135 done, 0 failed, 30 workers
  0/135 done, 0 failed, 30 workers
  1/135 done, 0 failed, 30 workers, eta 3.6h
  16/135 done, 0 failed, 30 workers, eta 0.3h
  28/135 done, 0 failed, 30 workers, eta 0.2h
  32/135 done, 0 failed, 30 workers, eta 0.2h
  39/135 done, 0 failed, 30 workers, eta 0.2h
  51/135 done, 0 failed, 30 workers, eta 0.1h
  58/135 done, 0 failed, 30 workers, eta 0.1h
  76/135 done, 0 failed, 30 workers, eta 0.1h
  81/135 done, 0 failed, 30 workers, eta 0.1h
  93/135 done, 0 failed, 30 workers, eta 0.0h
  104/135 done, 0 failed, 30 workers, eta 0.0h
  115/135 done, 0 failed, 21 workers, eta 0.0h
  133/135 done, 0 failed, 2 workers, eta 0.0h
==============================================================================
A9_prediction_cv: 135/135 done, 0 failed in 0.13h
==============================================================================
=== 2026-10-04 20:36:33 evaluation.prediction_cv --set replica={"seed":0,"cgm":false,"carb_cv":0.25} --set repeats=3 --set cells=["grad3","grid3","personal_mean"]
2026-10-04 20:36:34 [A9_prediction_cv] start: 135 units, 0 already done, 0 previously failed, 30 workers
  0/135 done, 0 failed, 30 workers
  0/135 done, 0 failed, 30 workers
  0/135 done, 0 failed, 30 workers
  1/135 done, 0 failed, 30 workers, eta 3.6h
  15/135 done, 0 failed, 30 workers, eta 0.3h
  27/135 done, 0 failed, 30 workers, eta 0.2h
  32/135 done, 0 failed, 30 workers, eta 0.2h
  40/135 done, 0 failed, 30 workers, eta 0.1h
  51/135 done, 0 failed, 30 workers, eta 0.1h
  59/135 done, 0 failed, 30 workers, eta 0.1h
  76/135 done, 0 failed, 30 workers, eta 0.1h
  81/135 done, 0 failed, 30 workers, eta 0.1h
  89/135 done, 0 failed, 30 workers, eta 0.1h
  98/135 done, 0 failed, 30 workers, eta 0.0h
  113/135 done, 0 failed, 24 workers, eta 0.0h
  125/135 done, 0 failed, 10 workers, eta 0.0h
==============================================================================
A9_prediction_cv: 135/135 done, 0 failed in 0.14h
==============================================================================
=== 2026-10-04 20:44:47 evaluation.prediction_cv --set replica={"seed":0,"cgm":true,"carb_cv":0.0} --set repeats=3 --set cells=["grad3","grid3","personal_mean"]
2026-10-04 20:44:49 [A9_prediction_cv] start: 135 units, 0 already done, 0 previously failed, 30 workers
  0/135 done, 0 failed, 30 workers
  0/135 done, 0 failed, 30 workers
  0/135 done, 0 failed, 30 workers
  0/135 done, 0 failed, 30 workers
  2/135 done, 0 failed, 30 workers, eta 2.4h
  4/135 done, 0 failed, 30 workers, eta 1.4h
  12/135 done, 0 failed, 30 workers, eta 0.5h
  23/135 done, 0 failed, 30 workers, eta 0.3h
  28/135 done, 0 failed, 30 workers, eta 0.3h
  34/135 done, 0 failed, 30 workers, eta 0.2h
  37/135 done, 0 failed, 30 workers, eta 0.2h
  43/135 done, 0 failed, 30 workers, eta 0.2h
  51/135 done, 0 failed, 30 workers, eta 0.2h
  60/135 done, 0 failed, 30 workers, eta 0.1h
  69/135 done, 0 failed, 30 workers, eta 0.1h
  79/135 done, 0 failed, 30 workers, eta 0.1h
  82/135 done, 0 failed, 30 workers, eta 0.1h
  90/135 done, 0 failed, 30 workers, eta 0.1h
  96/135 done, 0 failed, 30 workers, eta 0.1h
  105/135 done, 0 failed, 30 workers, eta 0.0h
  112/135 done, 0 failed, 24 workers, eta 0.0h
  125/135 done, 0 failed, 10 workers, eta 0.0h
  134/135 done, 0 failed, 1 workers, eta 0.0h
==============================================================================
A9_prediction_cv: 135/135 done, 0 failed in 0.19h
==============================================================================
=== 2026-10-04 20:56:15 evaluation.prediction_cv --set replica={"seed":0,"cgm":true,"carb_cv":0.5} --set repeats=3 --set cells=["grad3","grid3","personal_mean"]
2026-10-04 20:56:16 [A9_prediction_cv] start: 135 units, 0 already done, 0 previously failed, 30 workers
  0/135 done, 0 failed, 30 workers
  0/135 done, 0 failed, 30 workers
  0/135 done, 0 failed, 30 workers
  0/135 done, 0 failed, 30 workers
  2/135 done, 0 failed, 30 workers, eta 2.3h
  3/135 done, 0 failed, 30 workers, eta 1.9h
  9/135 done, 0 failed, 30 workers, eta 0.7h
  23/135 done, 0 failed, 30 workers, eta 0.3h
  29/135 done, 0 failed, 30 workers, eta 0.3h
  34/135 done, 0 failed, 30 workers, eta 0.2h
  38/135 done, 0 failed, 30 workers, eta 0.2h
  43/135 done, 0 failed, 30 workers, eta 0.2h
  51/135 done, 0 failed, 30 workers, eta 0.2h
  58/135 done, 0 failed, 30 workers, eta 0.1h
  68/135 done, 0 failed, 30 workers, eta 0.1h
  79/135 done, 0 failed, 30 workers, eta 0.1h
  81/135 done, 0 failed, 30 workers, eta 0.1h
  91/135 done, 0 failed, 30 workers, eta 0.1h
  102/135 done, 0 failed, 30 workers, eta 0.1h
  119/135 done, 0 failed, 18 workers, eta 0.0h
  129/135 done, 0 failed, 6 workers, eta 0.0h
==============================================================================
A9_prediction_cv: 135/135 done, 0 failed in 0.18h
==============================================================================
=== 2026-10-04 21:06:56 evaluation.fisher_full --set cohort=shanghai --set min_meals=10 --set bounds_scale=1.0
2026-10-04 21:06:57 [A4_fisher] start: 87 units, 0 already done, 0 previously failed, 30 workers
  0/87 done, 0 failed, 30 workers
  0/87 done, 0 failed, 30 workers
  0/87 done, 0 failed, 30 workers
  4/87 done, 0 failed, 30 workers, eta 0.6h
  19/87 done, 0 failed, 30 workers, eta 0.1h
  28/87 done, 0 failed, 30 workers, eta 0.1h
  37/87 done, 0 failed, 30 workers, eta 0.1h
  42/87 done, 0 failed, 30 workers, eta 0.1h
  50/87 done, 0 failed, 30 workers, eta 0.1h
  59/87 done, 0 failed, 29 workers, eta 0.0h
  69/87 done, 0 failed, 19 workers, eta 0.0h
  80/87 done, 0 failed, 8 workers, eta 0.0h
==============================================================================
A4_fisher: 87/87 done, 0 failed in 0.10h
==============================================================================
=== 2026-10-04 21:13:03 evaluation.profile_lik --set cohort=shanghai --set min_meals=10 --set bounds_scale=1.0
2026-10-04 21:13:05 [A5_profile] start: 87 units, 0 already done, 0 previously failed, 30 workers
  0/87 done, 0 failed, 30 workers
  0/87 done, 0 failed, 30 workers
  0/87 done, 0 failed, 30 workers
  0/87 done, 0 failed, 30 workers
  0/87 done, 0 failed, 30 workers
  0/87 done, 0 failed, 30 workers
  0/87 done, 0 failed, 30 workers
  0/87 done, 0 failed, 30 workers
  0/87 done, 0 failed, 30 workers
  0/87 done, 0 failed, 30 workers
  0/87 done, 0 failed, 30 workers
  0/87 done, 0 failed, 30 workers
  0/87 done, 0 failed, 30 workers
  0/87 done, 0 failed, 30 workers
  1/87 done, 0 failed, 30 workers, eta 10.5h
  7/87 done, 0 failed, 30 workers, eta 1.5h
  9/87 done, 0 failed, 30 workers, eta 1.2h
  10/87 done, 0 failed, 30 workers, eta 1.1h
  10/87 done, 0 failed, 30 workers, eta 1.2h
  11/87 done, 0 failed, 30 workers, eta 1.1h
  12/87 done, 0 failed, 30 workers, eta 1.1h
  12/87 done, 0 failed, 30 workers, eta 1.1h
  14/87 done, 0 failed, 30 workers, eta 1.0h
  16/87 done, 0 failed, 30 workers, eta 0.9h
  16/87 done, 0 failed, 30 workers, eta 0.9h
  16/87 done, 0 failed, 30 workers, eta 1.0h
  17/87 done, 0 failed, 30 workers, eta 0.9h
  17/87 done, 0 failed, 30 workers, eta 1.0h
  20/87 done, 0 failed, 30 workers, eta 0.8h
  23/87 done, 0 failed, 30 workers, eta 0.7h
  23/87 done, 0 failed, 30 workers, eta 0.7h
  28/87 done, 0 failed, 30 workers, eta 0.6h
  30/87 done, 0 failed, 30 workers, eta 0.5h
  30/87 done, 0 failed, 30 workers, eta 0.5h
  31/87 done, 0 failed, 30 workers, eta 0.5h
  31/87 done, 0 failed, 30 workers, eta 0.5h
  32/87 done, 0 failed, 30 workers, eta 0.5h
  33/87 done, 0 failed, 30 workers, eta 0.5h
  33/87 done, 0 failed, 30 workers, eta 0.5h
  33/87 done, 0 failed, 30 workers, eta 0.6h
  34/87 done, 0 failed, 30 workers, eta 0.5h
  34/87 done, 0 failed, 30 workers, eta 0.6h
  35/87 done, 0 failed, 30 workers, eta 0.5h
  35/87 done, 0 failed, 30 workers, eta 0.6h
  35/87 done, 0 failed, 30 workers, eta 0.6h
  35/87 done, 0 failed, 30 workers, eta 0.6h
  37/87 done, 0 failed, 30 workers, eta 0.5h
  37/87 done, 0 failed, 30 workers, eta 0.5h
  39/87 done, 0 failed, 30 workers, eta 0.5h
  41/87 done, 0 failed, 30 workers, eta 0.5h
  41/87 done, 0 failed, 30 workers, eta 0.5h
  42/87 done, 0 failed, 30 workers, eta 0.5h
  44/87 done, 0 failed, 30 workers, eta 0.4h
  44/87 done, 0 failed, 30 workers, eta 0.4h
  45/87 done, 0 failed, 30 workers, eta 0.4h
  49/87 done, 0 failed, 30 workers, eta 0.4h
  50/87 done, 0 failed, 30 workers, eta 0.4h
  51/87 done, 0 failed, 30 workers, eta 0.3h
  54/87 done, 0 failed, 30 workers, eta 0.3h
  55/87 done, 0 failed, 30 workers, eta 0.3h
  55/87 done, 0 failed, 30 workers, eta 0.3h
  58/87 done, 0 failed, 29 workers, eta 0.3h
  59/87 done, 0 failed, 28 workers, eta 0.3h
  62/87 done, 0 failed, 26 workers, eta 0.2h
  63/87 done, 0 failed, 25 workers, eta 0.2h
  63/87 done, 0 failed, 24 workers, eta 0.2h
  66/87 done, 0 failed, 23 workers, eta 0.2h
  70/87 done, 0 failed, 17 workers, eta 0.1h
  71/87 done, 0 failed, 16 workers, eta 0.1h
  72/87 done, 0 failed, 15 workers, eta 0.1h
  72/87 done, 0 failed, 15 workers, eta 0.1h
  73/87 done, 0 failed, 14 workers, eta 0.1h
  74/87 done, 0 failed, 13 workers, eta 0.1h
  76/87 done, 0 failed, 11 workers, eta 0.1h
  79/87 done, 0 failed, 8 workers, eta 0.1h
  80/87 done, 0 failed, 7 workers, eta 0.1h
  83/87 done, 0 failed, 4 workers, eta 0.0h
  85/87 done, 0 failed, 2 workers, eta 0.0h
==============================================================================
A5_profile: 87/87 done, 0 failed in 0.67h
==============================================================================
=== 2026-10-04 21:53:06 evaluation.fisher_full --set cohort=hall --set min_meals=5 --set bounds_scale=1.0
2026-10-04 21:53:07 [A4_fisher] start: 15 units, 0 already done, 0 previously failed, 30 workers
  0/15 done, 0 failed, 30 workers
  0/15 done, 0 failed, 15 workers
  15/15 done, 0 failed, 0 workers, eta 0.0h
==============================================================================
A4_fisher: 15/15 done, 0 failed in 0.02h
==============================================================================
=== 2026-10-04 21:54:10 evaluation.profile_lik --set cohort=hall --set min_meals=5 --set bounds_scale=1.0
2026-10-04 21:54:11 [A5_profile] start: 15 units, 0 already done, 0 previously failed, 30 workers
  0/15 done, 0 failed, 30 workers
  0/15 done, 0 failed, 15 workers
  0/15 done, 0 failed, 15 workers
  0/15 done, 0 failed, 15 workers
  0/15 done, 0 failed, 15 workers
  0/15 done, 0 failed, 15 workers
  0/15 done, 0 failed, 15 workers
  12/15 done, 0 failed, 3 workers, eta 0.0h
==============================================================================
A5_profile: 15/15 done, 0 failed in 0.06h
==============================================================================
=== 2026-10-04 21:57:55 evaluation.fisher_full --set cohort=hall --set min_meals=5 --set objective=trace --set bounds_scale=1.0
2026-10-04 21:57:56 [A4_fisher] start: 15 units, 0 already done, 0 previously failed, 30 workers
  0/15 done, 0 failed, 30 workers
  0/15 done, 0 failed, 15 workers
  15/15 done, 0 failed, 0 workers, eta 0.0h
==============================================================================
A4_fisher: 15/15 done, 0 failed in 0.02h
==============================================================================
=== 2026-10-04 21:58:58 evaluation.fisher_full --set cohort=shanghai --set min_meals=10 --set bounds_scale=2.0
2026-10-04 21:59:00 [A4_fisher] start: 87 units, 0 already done, 0 previously failed, 30 workers
  0/87 done, 0 failed, 30 workers
  0/87 done, 0 failed, 30 workers
  0/87 done, 0 failed, 30 workers
  5/87 done, 0 failed, 30 workers, eta 0.4h
  14/87 done, 0 failed, 30 workers, eta 0.2h
  27/87 done, 0 failed, 30 workers, eta 0.1h
  37/87 done, 0 failed, 30 workers, eta 0.1h
  39/87 done, 0 failed, 30 workers, eta 0.1h
  50/87 done, 0 failed, 30 workers, eta 0.1h
  56/87 done, 0 failed, 30 workers, eta 0.0h
  68/87 done, 0 failed, 19 workers, eta 0.0h
  75/87 done, 0 failed, 13 workers, eta 0.0h
  87/87 done, 0 failed, 0 workers, eta 0.0h
==============================================================================
A4_fisher: 87/87 done, 0 failed in 0.10h
==============================================================================
=== 2026-10-04 22:05:11 evaluation.profile_lik --set cohort=shanghai --set min_meals=10 --set bounds_scale=2.0
2026-10-04 22:05:12 [A5_profile] start: 87 units, 0 already done, 0 previously failed, 30 workers
  0/87 done, 0 failed, 30 workers
  0/87 done, 0 failed, 30 workers
  0/87 done, 0 failed, 30 workers
  0/87 done, 0 failed, 30 workers
  0/87 done, 0 failed, 30 workers
  0/87 done, 0 failed, 30 workers
  0/87 done, 0 failed, 30 workers
  0/87 done, 0 failed, 30 workers
  0/87 done, 0 failed, 30 workers
  0/87 done, 0 failed, 30 workers
  0/87 done, 0 failed, 30 workers
  0/87 done, 0 failed, 30 workers
  0/87 done, 0 failed, 30 workers
  0/87 done, 0 failed, 30 workers
  0/87 done, 0 failed, 30 workers
  1/87 done, 0 failed, 30 workers, eta 11.2h
  4/87 done, 0 failed, 30 workers, eta 2.9h
  9/87 done, 0 failed, 30 workers, eta 1.3h
  10/87 done, 0 failed, 30 workers, eta 1.2h
  10/87 done, 0 failed, 30 workers, eta 1.3h
  10/87 done, 0 failed, 30 workers, eta 1.3h
  12/87 done, 0 failed, 30 workers, eta 1.1h
  12/87 done, 0 failed, 30 workers, eta 1.2h
  12/87 done, 0 failed, 30 workers, eta 1.3h
  12/87 done, 0 failed, 30 workers, eta 1.3h
  13/87 done, 0 failed, 30 workers, eta 1.2h
  17/87 done, 0 failed, 30 workers, eta 0.9h
  17/87 done, 0 failed, 30 workers, eta 1.0h
  17/87 done, 0 failed, 30 workers, eta 1.0h
  17/87 done, 0 failed, 30 workers, eta 1.0h
  18/87 done, 0 failed, 30 workers, eta 1.0h
  18/87 done, 0 failed, 30 workers, eta 1.0h
  22/87 done, 0 failed, 30 workers, eta 0.8h
  26/87 done, 0 failed, 30 workers, eta 0.7h
  30/87 done, 0 failed, 30 workers, eta 0.6h
  30/87 done, 0 failed, 30 workers, eta 0.6h
  30/87 done, 0 failed, 30 workers, eta 0.6h
  30/87 done, 0 failed, 30 workers, eta 0.6h
  32/87 done, 0 failed, 30 workers, eta 0.6h
  33/87 done, 0 failed, 30 workers, eta 0.6h
  33/87 done, 0 failed, 30 workers, eta 0.6h
  33/87 done, 0 failed, 30 workers, eta 0.6h
  34/87 done, 0 failed, 30 workers, eta 0.6h
  35/87 done, 0 failed, 30 workers, eta 0.6h
  35/87 done, 0 failed, 30 workers, eta 0.6h
  35/87 done, 0 failed, 30 workers, eta 0.6h
  35/87 done, 0 failed, 30 workers, eta 0.6h
  35/87 done, 0 failed, 30 workers, eta 0.6h
  36/87 done, 0 failed, 30 workers, eta 0.6h
  37/87 done, 0 failed, 30 workers, eta 0.6h
  37/87 done, 0 failed, 30 workers, eta 0.6h
  39/87 done, 0 failed, 30 workers, eta 0.5h
  39/87 done, 0 failed, 30 workers, eta 0.6h
  40/87 done, 0 failed, 30 workers, eta 0.5h
  40/87 done, 0 failed, 30 workers, eta 0.5h
  42/87 done, 0 failed, 30 workers, eta 0.5h
  42/87 done, 0 failed, 30 workers, eta 0.5h
  42/87 done, 0 failed, 30 workers, eta 0.5h
  43/87 done, 0 failed, 30 workers, eta 0.5h
  44/87 done, 0 failed, 30 workers, eta 0.5h
  46/87 done, 0 failed, 30 workers, eta 0.5h
  47/87 done, 0 failed, 30 workers, eta 0.4h
2026-10-04 22:37:15 [A5_profile] killing worker 4: no heartbeat for 1921s
2026-10-04 22:37:15 [A5_profile] killing worker 28: no heartbeat for 1921s
  47/87 done, 0 failed, 30 workers, eta 0.5h
2026-10-04 22:37:18 [A5_profile] killing worker 4: no heartbeat for 1924s
2026-10-04 22:37:18 [A5_profile] killing worker 28: no heartbeat for 1924s
2026-10-04 22:37:20 [A5_profile] killing worker 4: no heartbeat for 1926s
2026-10-04 22:37:20 [A5_profile] killing worker 28: no heartbeat for 1926s
2026-10-04 22:37:22 [A5_profile] killing worker 4: no heartbeat for 1928s
2026-10-04 22:37:22 [A5_profile] killing worker 28: no heartbeat for 1928s
  49/87 done, 0 failed, 28 workers, eta 0.4h
  49/87 done, 0 failed, 28 workers, eta 0.4h
  49/87 done, 0 failed, 28 workers, eta 0.4h
  49/87 done, 0 failed, 28 workers, eta 0.4h
  50/87 done, 0 failed, 28 workers, eta 0.4h
  53/87 done, 0 failed, 28 workers, eta 0.4h
  55/87 done, 0 failed, 28 workers, eta 0.3h
  55/87 done, 0 failed, 28 workers, eta 0.4h
  55/87 done, 0 failed, 28 workers, eta 0.4h
  56/87 done, 0 failed, 28 workers, eta 0.3h
  58/87 done, 0 failed, 28 workers, eta 0.3h
  62/87 done, 0 failed, 23 workers, eta 0.3h
  63/87 done, 0 failed, 22 workers, eta 0.2h
  63/87 done, 0 failed, 22 workers, eta 0.2h
  64/87 done, 0 failed, 21 workers, eta 0.2h
  65/87 done, 0 failed, 20 workers, eta 0.2h
  65/87 done, 0 failed, 20 workers, eta 0.2h
  68/87 done, 0 failed, 17 workers, eta 0.2h
  68/87 done, 0 failed, 17 workers, eta 0.2h
  71/87 done, 0 failed, 15 workers, eta 0.2h
  71/87 done, 0 failed, 14 workers, eta 0.2h
  71/87 done, 0 failed, 14 workers, eta 0.2h
  73/87 done, 0 failed, 12 workers, eta 0.1h
  76/87 done, 0 failed, 9 workers, eta 0.1h
  77/87 done, 0 failed, 9 workers, eta 0.1h
  79/87 done, 0 failed, 6 workers, eta 0.1h
  82/87 done, 0 failed, 4 workers, eta 0.0h
  83/87 done, 0 failed, 2 workers, eta 0.0h
==============================================================================
A5_profile: 85/87 done, 0 failed in 0.78h
==============================================================================
=== 2026-10-04 22:51:48 evaluation.fisher_full --set cohort=hall --set min_meals=5 --set bounds_scale=2.0
2026-10-04 22:51:49 [A4_fisher] start: 15 units, 0 already done, 0 previously failed, 30 workers
  0/15 done, 0 failed, 30 workers
  0/15 done, 0 failed, 15 workers
==============================================================================
A4_fisher: 15/15 done, 0 failed in 0.02h
==============================================================================
=== 2026-10-04 22:52:45 evaluation.profile_lik --set cohort=hall --set min_meals=5 --set bounds_scale=2.0
2026-10-04 22:52:47 [A5_profile] start: 15 units, 0 already done, 0 previously failed, 30 workers
  0/15 done, 0 failed, 30 workers
  0/15 done, 0 failed, 15 workers
  0/15 done, 0 failed, 15 workers
  0/15 done, 0 failed, 15 workers
  0/15 done, 0 failed, 15 workers
  0/15 done, 0 failed, 15 workers
  0/15 done, 0 failed, 15 workers
==============================================================================
A5_profile: 15/15 done, 0 failed in 0.06h
==============================================================================
=== 2026-10-04 22:56:08 evaluation.saturation
2026-10-04 22:56:09 [A15_saturation] start: 45 units, 0 already done, 0 previously failed, 30 workers
  0/45 done, 0 failed, 30 workers
==============================================================================
A15_saturation: 45/45 done, 0 failed in 0.01h
==============================================================================
=== 2026-10-04 22:56:32 evaluation.fisher_full --set carb_scale=0.75 --set bounds_scale=1.0
2026-10-04 22:56:33 [A4_fisher] start: 45 units, 0 already done, 0 previously failed, 30 workers
  0/45 done, 0 failed, 30 workers
  0/45 done, 0 failed, 30 workers
  0/45 done, 0 failed, 30 workers
  2/45 done, 0 failed, 30 workers, eta 0.6h
  11/45 done, 0 failed, 30 workers, eta 0.1h
  30/45 done, 0 failed, 15 workers, eta 0.0h
  36/45 done, 0 failed, 9 workers, eta 0.0h
==============================================================================
A4_fisher: 45/45 done, 0 failed in 0.06h
==============================================================================
=== 2026-10-04 22:59:53 evaluation.fisher_full --set carb_scale=1.33 --set bounds_scale=1.0
2026-10-04 22:59:54 [A4_fisher] start: 45 units, 0 already done, 0 previously failed, 30 workers
  0/45 done, 0 failed, 30 workers
  0/45 done, 0 failed, 30 workers
  0/45 done, 0 failed, 30 workers
  1/45 done, 0 failed, 30 workers, eta 1.2h
  5/45 done, 0 failed, 30 workers, eta 0.3h
  29/45 done, 0 failed, 16 workers, eta 0.0h
  35/45 done, 0 failed, 12 workers, eta 0.0h
==============================================================================
A4_fisher: 45/45 done, 0 failed in 0.06h
==============================================================================
=== 2026-10-04 23:03:25 evaluation.leakage_ci
2026-10-04 23:03:26 [A13_leakage] start: 97 units, 0 already done, 0 previously failed, 30 workers
  0/97 done, 0 failed, 30 workers
  0/97 done, 0 failed, 30 workers
  35/97 done, 0 failed, 30 workers, eta 0.0h
  58/97 done, 0 failed, 30 workers, eta 0.0h
  87/97 done, 0 failed, 13 workers, eta 0.0h
==============================================================================
A13_leakage: 97/97 done, 0 failed in 0.04h
==============================================================================
=== 2026-10-04 23:05:42 all queued Phase 8 jobs finished
