nohup: ignoring input
2026-10-04 05:05:23 [A5_profile] start: 45 units, 0 already done, 0 previously failed, 30 workers
  0/45 done, 0 failed, 30 workers
  0/45 done, 0 failed, 30 workers
  0/45 done, 0 failed, 30 workers
  0/45 done, 0 failed, 30 workers
  0/45 done, 0 failed, 30 workers
  0/45 done, 0 failed, 30 workers
  0/45 done, 0 failed, 30 workers
  2/45 done, 0 failed, 30 workers, eta 1.3h
  12/45 done, 0 failed, 30 workers, eta 0.2h
  12/45 done, 0 failed, 30 workers, eta 0.2h
  24/45 done, 0 failed, 21 workers, eta 0.1h
  29/45 done, 0 failed, 16 workers, eta 0.1h
  34/45 done, 0 failed, 11 workers, eta 0.0h
  43/45 done, 0 failed, 2 workers, eta 0.0h
==============================================================================
A5_profile: 45/45 done, 0 failed in 0.12h
==============================================================================
2026-10-04 05:12:23 [A5_profile] start: 45 units, 0 already done, 0 previously failed, 30 workers
  0/45 done, 0 failed, 30 workers
  0/45 done, 0 failed, 30 workers
  0/45 done, 0 failed, 30 workers
  0/45 done, 0 failed, 30 workers
  0/45 done, 0 failed, 30 workers
  0/45 done, 0 failed, 30 workers
  2/45 done, 0 failed, 30 workers, eta 1.1h
  4/45 done, 0 failed, 30 workers, eta 0.6h
  12/45 done, 0 failed, 30 workers, eta 0.2h
  21/45 done, 0 failed, 26 workers, eta 0.1h
  29/45 done, 0 failed, 16 workers, eta 0.0h
  32/45 done, 0 failed, 13 workers, eta 0.0h
  39/45 done, 0 failed, 7 workers, eta 0.0h
  44/45 done, 0 failed, 1 workers, eta 0.0h
==============================================================================
A5_profile: 45/45 done, 0 failed in 0.11h
==============================================================================
2026-10-04 05:19:07 [A5_profile] start: 45 units, 0 already done, 0 previously failed, 30 workers
  0/45 done, 0 failed, 30 workers
  0/45 done, 0 failed, 30 workers
  0/45 done, 0 failed, 30 workers
  0/45 done, 0 failed, 30 workers
  0/45 done, 0 failed, 30 workers
  0/45 done, 0 failed, 30 workers
  2/45 done, 0 failed, 30 workers, eta 1.1h
  4/45 done, 0 failed, 30 workers, eta 0.6h
  12/45 done, 0 failed, 30 workers, eta 0.2h
  14/45 done, 0 failed, 30 workers, eta 0.2h
  24/45 done, 0 failed, 21 workers, eta 0.1h
  29/45 done, 0 failed, 16 workers, eta 0.1h
  34/45 done, 0 failed, 11 workers, eta 0.0h
  43/45 done, 0 failed, 2 workers, eta 0.0h
==============================================================================
A5_profile: 45/45 done, 0 failed in 0.12h
==============================================================================
2026-10-04 05:26:08 [A5_profile] start: 45 units, 0 already done, 0 previously failed, 30 workers
  0/45 done, 0 failed, 30 workers
  0/45 done, 0 failed, 30 workers
  0/45 done, 0 failed, 30 workers
  0/45 done, 0 failed, 30 workers
  0/45 done, 0 failed, 30 workers
  1/45 done, 0 failed, 30 workers, eta 1.9h
  2/45 done, 0 failed, 30 workers, eta 1.1h
  5/45 done, 0 failed, 30 workers, eta 0.5h
  12/45 done, 0 failed, 30 workers, eta 0.2h
  24/45 done, 0 failed, 22 workers, eta 0.1h
  29/45 done, 0 failed, 16 workers, eta 0.0h
  34/45 done, 0 failed, 12 workers, eta 0.0h
  41/45 done, 0 failed, 5 workers, eta 0.0h
==============================================================================
A5_profile: 45/45 done, 0 failed in 0.11h
==============================================================================
2026-10-04 05:32:42 [A5_profile] start: 45 units, 0 already done, 0 previously failed, 30 workers
  0/45 done, 0 failed, 30 workers
  0/45 done, 0 failed, 30 workers
  0/45 done, 0 failed, 30 workers
  0/45 done, 0 failed, 30 workers
  0/45 done, 0 failed, 30 workers
  0/45 done, 0 failed, 30 workers
  2/45 done, 0 failed, 30 workers, eta 1.1h
  4/45 done, 0 failed, 30 workers, eta 0.6h
  10/45 done, 0 failed, 30 workers, eta 0.2h
  12/45 done, 0 failed, 30 workers, eta 0.2h
  24/45 done, 0 failed, 21 workers, eta 0.1h
  29/45 done, 0 failed, 16 workers, eta 0.1h
  34/45 done, 0 failed, 11 workers, eta 0.0h
  40/45 done, 0 failed, 6 workers, eta 0.0h
  44/45 done, 0 failed, 1 workers, eta 0.0h
==============================================================================
A5_profile: 45/45 done, 0 failed in 0.12h
==============================================================================
2026-10-04 05:39:52 [A5_profile] start: 45 units, 0 already done, 0 previously failed, 30 workers
  0/45 done, 0 failed, 30 workers
  0/45 done, 0 failed, 30 workers
  0/45 done, 0 failed, 30 workers
  0/45 done, 0 failed, 30 workers
  0/45 done, 0 failed, 30 workers
  0/45 done, 0 failed, 30 workers
  2/45 done, 0 failed, 30 workers, eta 1.1h
  4/45 done, 0 failed, 30 workers, eta 0.6h
  12/45 done, 0 failed, 30 workers, eta 0.2h
  22/45 done, 0 failed, 25 workers, eta 0.1h
  28/45 done, 0 failed, 18 workers, eta 0.1h
  32/45 done, 0 failed, 14 workers, eta 0.0h
  40/45 done, 0 failed, 7 workers, eta 0.0h
  44/45 done, 0 failed, 1 workers, eta 0.0h
==============================================================================
A5_profile: 45/45 done, 0 failed in 0.11h
==============================================================================
